[23-Oct-2025 09:57:16 Europe/Berlin] === Starting manage_events.php ===
[23-Oct-2025 09:57:16 Europe/Berlin] POST data: Array
(
)

[23-Oct-2025 09:57:16 Europe/Berlin] FILES data: Array
(
)

[23-Oct-2025 09:57:16 Europe/Berlin] === Starting manage_events.php ===
[23-Oct-2025 09:57:16 Europe/Berlin] POST data: Array
(
)

[23-Oct-2025 09:57:16 Europe/Berlin] FILES data: Array
(
)

[23-Oct-2025 09:57:18 Europe/Berlin] === Starting manage_events.php ===
[23-Oct-2025 09:57:18 Europe/Berlin] POST data: Array
(
)

[23-Oct-2025 09:57:18 Europe/Berlin] FILES data: Array
(
)

[23-Oct-2025 09:57:18 Europe/Berlin] === Starting manage_events.php ===
[23-Oct-2025 09:57:18 Europe/Berlin] POST data: Array
(
)

[23-Oct-2025 09:57:18 Europe/Berlin] FILES data: Array
(
)

[23-Oct-2025 09:59:30 Europe/Berlin] === Starting manage_events.php ===
[23-Oct-2025 09:59:30 Europe/Berlin] POST data: Array
(
)

[23-Oct-2025 09:59:30 Europe/Berlin] FILES data: Array
(
)

[23-Oct-2025 09:59:30 Europe/Berlin] === Starting manage_events.php ===
[23-Oct-2025 09:59:30 Europe/Berlin] POST data: Array
(
)

[23-Oct-2025 09:59:30 Europe/Berlin] FILES data: Array
(
)

[23-Oct-2025 09:59:47 Europe/Berlin] === Starting manage_events.php ===
[23-Oct-2025 09:59:47 Europe/Berlin] POST data: Array
(
)

[23-Oct-2025 09:59:47 Europe/Berlin] FILES data: Array
(
)

[23-Oct-2025 09:59:47 Europe/Berlin] === Starting manage_events.php ===
[23-Oct-2025 09:59:47 Europe/Berlin] POST data: Array
(
)

[23-Oct-2025 09:59:47 Europe/Berlin] FILES data: Array
(
)

[23-Oct-2025 10:00:01 Europe/Berlin] === Starting manage_events.php ===
[23-Oct-2025 10:00:01 Europe/Berlin] POST data: Array
(
)

[23-Oct-2025 10:00:01 Europe/Berlin] FILES data: Array
(
)

[23-Oct-2025 10:00:01 Europe/Berlin] === Starting manage_events.php ===
[23-Oct-2025 10:00:01 Europe/Berlin] POST data: Array
(
)

[23-Oct-2025 10:00:01 Europe/Berlin] FILES data: Array
(
)

[23-Oct-2025 10:00:05 Europe/Berlin] === Starting manage_events.php ===
[23-Oct-2025 10:00:05 Europe/Berlin] POST data: Array
(
)

[23-Oct-2025 10:00:05 Europe/Berlin] FILES data: Array
(
)

[23-Oct-2025 10:00:05 Europe/Berlin] === Starting manage_events.php ===
[23-Oct-2025 10:00:05 Europe/Berlin] POST data: Array
(
)

[23-Oct-2025 10:00:05 Europe/Berlin] FILES data: Array
(
)

[23-Oct-2025 10:00:12 Europe/Berlin] === Starting manage_events.php ===
[23-Oct-2025 10:00:12 Europe/Berlin] POST data: Array
(
)

[23-Oct-2025 10:00:12 Europe/Berlin] FILES data: Array
(
)

[23-Oct-2025 10:00:12 Europe/Berlin] === Starting manage_events.php ===
[23-Oct-2025 10:00:12 Europe/Berlin] POST data: Array
(
)

[23-Oct-2025 10:00:12 Europe/Berlin] FILES data: Array
(
)

[23-Oct-2025 10:00:21 Europe/Berlin] === Starting manage_events.php ===
[23-Oct-2025 10:00:21 Europe/Berlin] POST data: Array
(
)

[23-Oct-2025 10:00:21 Europe/Berlin] FILES data: Array
(
)

[23-Oct-2025 10:00:21 Europe/Berlin] === Starting manage_events.php ===
[23-Oct-2025 10:00:21 Europe/Berlin] POST data: Array
(
)

[23-Oct-2025 10:00:21 Europe/Berlin] FILES data: Array
(
)

[23-Oct-2025 10:00:28 Europe/Berlin] === Starting manage_events.php ===
[23-Oct-2025 10:00:28 Europe/Berlin] POST data: Array
(
)

[23-Oct-2025 10:00:28 Europe/Berlin] FILES data: Array
(
)

[23-Oct-2025 10:00:29 Europe/Berlin] === Starting manage_events.php ===
[23-Oct-2025 10:00:29 Europe/Berlin] POST data: Array
(
)

[23-Oct-2025 10:00:29 Europe/Berlin] FILES data: Array
(
)

[23-Oct-2025 10:00:43 Europe/Berlin] === Starting manage_events.php ===
[23-Oct-2025 10:00:43 Europe/Berlin] POST data: Array
(
)

[23-Oct-2025 10:00:43 Europe/Berlin] FILES data: Array
(
)

[23-Oct-2025 10:00:43 Europe/Berlin] === Starting manage_events.php ===
[23-Oct-2025 10:00:43 Europe/Berlin] POST data: Array
(
)

[23-Oct-2025 10:00:43 Europe/Berlin] FILES data: Array
(
)

[23-Oct-2025 10:00:43 Europe/Berlin] === Starting manage_events.php ===
[23-Oct-2025 10:00:43 Europe/Berlin] POST data: Array
(
)

[23-Oct-2025 10:00:43 Europe/Berlin] FILES data: Array
(
)

[23-Oct-2025 10:00:43 Europe/Berlin] === Starting manage_events.php ===
[23-Oct-2025 10:00:43 Europe/Berlin] POST data: Array
(
)

[23-Oct-2025 10:00:43 Europe/Berlin] FILES data: Array
(
)

[23-Oct-2025 10:00:44 Europe/Berlin] === Starting manage_events.php ===
[23-Oct-2025 10:00:44 Europe/Berlin] POST data: Array
(
)

[23-Oct-2025 10:00:44 Europe/Berlin] FILES data: Array
(
)

[23-Oct-2025 10:00:44 Europe/Berlin] === Starting manage_events.php ===
[23-Oct-2025 10:00:44 Europe/Berlin] POST data: Array
(
)

[23-Oct-2025 10:00:44 Europe/Berlin] FILES data: Array
(
)

[23-Oct-2025 10:00:44 Europe/Berlin] === Starting manage_events.php ===
[23-Oct-2025 10:00:44 Europe/Berlin] POST data: Array
(
)

[23-Oct-2025 10:00:44 Europe/Berlin] FILES data: Array
(
)

[23-Oct-2025 10:00:44 Europe/Berlin] === Starting manage_events.php ===
[23-Oct-2025 10:00:44 Europe/Berlin] POST data: Array
(
)

[23-Oct-2025 10:00:44 Europe/Berlin] FILES data: Array
(
)

[23-Oct-2025 10:02:35 Europe/Berlin] === Starting manage_events.php ===
[23-Oct-2025 10:02:35 Europe/Berlin] POST data: Array
(
)

[23-Oct-2025 10:02:35 Europe/Berlin] FILES data: Array
(
)

[23-Oct-2025 10:02:35 Europe/Berlin] === Starting manage_events.php ===
[23-Oct-2025 10:02:35 Europe/Berlin] POST data: Array
(
)

[23-Oct-2025 10:02:35 Europe/Berlin] FILES data: Array
(
)

[23-Oct-2025 10:02:37 Europe/Berlin] === Starting manage_events.php ===
[23-Oct-2025 10:02:37 Europe/Berlin] POST data: Array
(
)

[23-Oct-2025 10:02:37 Europe/Berlin] FILES data: Array
(
)

[23-Oct-2025 10:02:37 Europe/Berlin] === Starting manage_events.php ===
[23-Oct-2025 10:02:37 Europe/Berlin] POST data: Array
(
)

[23-Oct-2025 10:02:37 Europe/Berlin] FILES data: Array
(
)

[23-Oct-2025 10:02:38 Europe/Berlin] === Starting manage_events.php ===
[23-Oct-2025 10:02:38 Europe/Berlin] POST data: Array
(
)

[23-Oct-2025 10:02:38 Europe/Berlin] FILES data: Array
(
)

[23-Oct-2025 10:02:38 Europe/Berlin] === Starting manage_events.php ===
[23-Oct-2025 10:02:38 Europe/Berlin] POST data: Array
(
)

[23-Oct-2025 10:02:38 Europe/Berlin] FILES data: Array
(
)

[23-Oct-2025 10:02:44 Europe/Berlin] === Starting manage_events.php ===
[23-Oct-2025 10:02:44 Europe/Berlin] POST data: Array
(
)

[23-Oct-2025 10:02:44 Europe/Berlin] FILES data: Array
(
)

[23-Oct-2025 10:02:44 Europe/Berlin] === Starting manage_events.php ===
[23-Oct-2025 10:02:44 Europe/Berlin] POST data: Array
(
)

[23-Oct-2025 10:02:44 Europe/Berlin] FILES data: Array
(
)

[23-Oct-2025 10:04:45 Europe/Berlin] === Starting manage_events.php ===
[23-Oct-2025 10:04:45 Europe/Berlin] POST data: Array
(
)

[23-Oct-2025 10:04:45 Europe/Berlin] FILES data: Array
(
)

[23-Oct-2025 10:04:45 Europe/Berlin] === Starting manage_events.php ===
[23-Oct-2025 10:04:45 Europe/Berlin] POST data: Array
(
)

[23-Oct-2025 10:04:45 Europe/Berlin] FILES data: Array
(
)

[23-Oct-2025 10:04:46 Europe/Berlin] === Starting manage_events.php ===
[23-Oct-2025 10:04:46 Europe/Berlin] POST data: Array
(
)

[23-Oct-2025 10:04:46 Europe/Berlin] FILES data: Array
(
)

[23-Oct-2025 10:04:46 Europe/Berlin] === Starting manage_events.php ===
[23-Oct-2025 10:04:46 Europe/Berlin] POST data: Array
(
)

[23-Oct-2025 10:04:46 Europe/Berlin] FILES data: Array
(
)

[23-Oct-2025 10:04:46 Europe/Berlin] === Starting manage_events.php ===
[23-Oct-2025 10:04:46 Europe/Berlin] POST data: Array
(
)

[23-Oct-2025 10:04:46 Europe/Berlin] FILES data: Array
(
)

[23-Oct-2025 10:04:46 Europe/Berlin] === Starting manage_events.php ===
[23-Oct-2025 10:04:46 Europe/Berlin] POST data: Array
(
)

[23-Oct-2025 10:04:46 Europe/Berlin] FILES data: Array
(
)

[23-Oct-2025 10:04:47 Europe/Berlin] === Starting manage_events.php ===
[23-Oct-2025 10:04:47 Europe/Berlin] POST data: Array
(
)

[23-Oct-2025 10:04:47 Europe/Berlin] FILES data: Array
(
)

[23-Oct-2025 10:04:47 Europe/Berlin] === Starting manage_events.php ===
[23-Oct-2025 10:04:47 Europe/Berlin] POST data: Array
(
)

[23-Oct-2025 10:04:47 Europe/Berlin] FILES data: Array
(
)

[23-Oct-2025 10:04:47 Europe/Berlin] === Starting manage_events.php ===
[23-Oct-2025 10:04:47 Europe/Berlin] POST data: Array
(
)

[23-Oct-2025 10:04:47 Europe/Berlin] FILES data: Array
(
)

[23-Oct-2025 10:04:47 Europe/Berlin] === Starting manage_events.php ===
[23-Oct-2025 10:04:47 Europe/Berlin] POST data: Array
(
)

[23-Oct-2025 10:04:47 Europe/Berlin] FILES data: Array
(
)

[23-Oct-2025 10:04:47 Europe/Berlin] === Starting manage_events.php ===
[23-Oct-2025 10:04:47 Europe/Berlin] POST data: Array
(
)

[23-Oct-2025 10:04:47 Europe/Berlin] FILES data: Array
(
)

[23-Oct-2025 10:04:47 Europe/Berlin] === Starting manage_events.php ===
[23-Oct-2025 10:04:47 Europe/Berlin] POST data: Array
(
)

[23-Oct-2025 10:04:47 Europe/Berlin] FILES data: Array
(
)

[23-Oct-2025 10:04:48 Europe/Berlin] === Starting manage_events.php ===
[23-Oct-2025 10:04:48 Europe/Berlin] POST data: Array
(
)

[23-Oct-2025 10:04:48 Europe/Berlin] FILES data: Array
(
)

[23-Oct-2025 10:04:48 Europe/Berlin] === Starting manage_events.php ===
[23-Oct-2025 10:04:48 Europe/Berlin] POST data: Array
(
)

[23-Oct-2025 10:04:48 Europe/Berlin] FILES data: Array
(
)

[23-Oct-2025 10:04:48 Europe/Berlin] === Starting manage_events.php ===
[23-Oct-2025 10:04:48 Europe/Berlin] POST data: Array
(
)

[23-Oct-2025 10:04:48 Europe/Berlin] FILES data: Array
(
)

[23-Oct-2025 10:04:48 Europe/Berlin] === Starting manage_events.php ===
[23-Oct-2025 10:04:48 Europe/Berlin] POST data: Array
(
)

[23-Oct-2025 10:04:48 Europe/Berlin] FILES data: Array
(
)

[23-Oct-2025 10:05:14 Europe/Berlin] === Starting manage_events.php ===
[23-Oct-2025 10:05:14 Europe/Berlin] POST data: Array
(
)

[23-Oct-2025 10:05:14 Europe/Berlin] FILES data: Array
(
)

[23-Oct-2025 10:05:14 Europe/Berlin] === Starting manage_events.php ===
[23-Oct-2025 10:05:14 Europe/Berlin] POST data: Array
(
)

[23-Oct-2025 10:05:14 Europe/Berlin] FILES data: Array
(
)

[23-Oct-2025 10:05:15 Europe/Berlin] === Starting manage_events.php ===
[23-Oct-2025 10:05:15 Europe/Berlin] POST data: Array
(
)

[23-Oct-2025 10:05:15 Europe/Berlin] FILES data: Array
(
)

[23-Oct-2025 10:05:15 Europe/Berlin] === Starting manage_events.php ===
[23-Oct-2025 10:05:15 Europe/Berlin] POST data: Array
(
)

[23-Oct-2025 10:05:15 Europe/Berlin] FILES data: Array
(
)

[23-Oct-2025 10:05:24 Europe/Berlin] === Starting manage_events.php ===
[23-Oct-2025 10:05:24 Europe/Berlin] POST data: Array
(
)

[23-Oct-2025 10:05:24 Europe/Berlin] FILES data: Array
(
)

[23-Oct-2025 10:05:24 Europe/Berlin] === Starting manage_events.php ===
[23-Oct-2025 10:05:24 Europe/Berlin] POST data: Array
(
)

[23-Oct-2025 10:05:24 Europe/Berlin] FILES data: Array
(
)

[23-Oct-2025 10:05:25 Europe/Berlin] === Starting manage_events.php ===
[23-Oct-2025 10:05:25 Europe/Berlin] POST data: Array
(
)

[23-Oct-2025 10:05:25 Europe/Berlin] FILES data: Array
(
)

[23-Oct-2025 10:05:25 Europe/Berlin] === Starting manage_events.php ===
[23-Oct-2025 10:05:25 Europe/Berlin] POST data: Array
(
)

[23-Oct-2025 10:05:25 Europe/Berlin] FILES data: Array
(
)

[23-Oct-2025 10:05:47 Europe/Berlin] === Starting manage_events.php ===
[23-Oct-2025 10:05:47 Europe/Berlin] POST data: Array
(
    [action] => add_event
    [csrf_token] => 7f9ac98bda4416db8a7d8912f84ccdca3ab62aed94e533f09298ac5754868eed
    [title] => erere
    [description] => <p>ereerer</p>
    [start_date] => 2025-10-25T11:05
    [end_date] => 2025-10-26T11:05
    [location] => At School Hall
)

[23-Oct-2025 10:05:47 Europe/Berlin] FILES data: Array
(
    [event_image] => Array
        (
            [name] => published.jpg
            [type] => image/jpeg
            [tmp_name] => C:\xampp\tmp\php26DF.tmp
            [error] => 0
            [size] => 9603
        )

)

[23-Oct-2025 10:06:05 Europe/Berlin] === Starting manage_events.php ===
[23-Oct-2025 10:06:05 Europe/Berlin] POST data: Array
(
)

[23-Oct-2025 10:06:05 Europe/Berlin] FILES data: Array
(
)

[23-Oct-2025 10:06:05 Europe/Berlin] === Starting manage_events.php ===
[23-Oct-2025 10:06:05 Europe/Berlin] POST data: Array
(
)

[23-Oct-2025 10:06:05 Europe/Berlin] FILES data: Array
(
)

[23-Oct-2025 10:06:08 Europe/Berlin] === Starting manage_events.php ===
[23-Oct-2025 10:06:08 Europe/Berlin] POST data: Array
(
)

[23-Oct-2025 10:06:08 Europe/Berlin] FILES data: Array
(
)

[23-Oct-2025 10:06:08 Europe/Berlin] === Starting manage_events.php ===
[23-Oct-2025 10:06:08 Europe/Berlin] POST data: Array
(
)

[23-Oct-2025 10:06:08 Europe/Berlin] FILES data: Array
(
)

[23-Oct-2025 10:06:28 Europe/Berlin] === Starting manage_events.php ===
[23-Oct-2025 10:06:28 Europe/Berlin] POST data: Array
(
)

[23-Oct-2025 10:06:28 Europe/Berlin] FILES data: Array
(
)

[23-Oct-2025 10:06:28 Europe/Berlin] === Starting manage_events.php ===
[23-Oct-2025 10:06:28 Europe/Berlin] POST data: Array
(
)

[23-Oct-2025 10:06:28 Europe/Berlin] FILES data: Array
(
)

[23-Oct-2025 10:06:37 Europe/Berlin] === Starting manage_events.php ===
[23-Oct-2025 10:06:37 Europe/Berlin] POST data: Array
(
)

[23-Oct-2025 10:06:37 Europe/Berlin] FILES data: Array
(
)

[23-Oct-2025 10:06:37 Europe/Berlin] === Starting manage_events.php ===
[23-Oct-2025 10:06:37 Europe/Berlin] POST data: Array
(
)

[23-Oct-2025 10:06:37 Europe/Berlin] FILES data: Array
(
)

[23-Oct-2025 10:06:41 Europe/Berlin] === Starting manage_events.php ===
[23-Oct-2025 10:06:41 Europe/Berlin] POST data: Array
(
)

[23-Oct-2025 10:06:41 Europe/Berlin] FILES data: Array
(
)

[23-Oct-2025 10:06:42 Europe/Berlin] === Starting manage_events.php ===
[23-Oct-2025 10:06:42 Europe/Berlin] POST data: Array
(
)

[23-Oct-2025 10:06:42 Europe/Berlin] FILES data: Array
(
)

[23-Oct-2025 10:06:44 Europe/Berlin] === Starting manage_events.php ===
[23-Oct-2025 10:06:44 Europe/Berlin] POST data: Array
(
)

[23-Oct-2025 10:06:44 Europe/Berlin] FILES data: Array
(
)

[23-Oct-2025 10:06:44 Europe/Berlin] === Starting manage_events.php ===
[23-Oct-2025 10:06:44 Europe/Berlin] POST data: Array
(
)

[23-Oct-2025 10:06:44 Europe/Berlin] FILES data: Array
(
)

[23-Oct-2025 10:07:01 Europe/Berlin] === Starting manage_events.php ===
[23-Oct-2025 10:07:01 Europe/Berlin] POST data: Array
(
    [action] => add_event
    [csrf_token] => 7f9ac98bda4416db8a7d8912f84ccdca3ab62aed94e533f09298ac5754868eed
    [title] => sdsd
    [description] => <p>sdsdsd</p>
    [start_date] => 2025-10-25T11:06
    [end_date] => 2025-10-26T11:06
    [location] => At School Hall
)

[23-Oct-2025 10:07:01 Europe/Berlin] FILES data: Array
(
    [event_image] => Array
        (
            [name] => images.jpg
            [type] => image/jpeg
            [tmp_name] => C:\xampp\tmp\php4B8A.tmp
            [error] => 0
            [size] => 10282
        )

)

[23-Oct-2025 10:07:57 Europe/Berlin] === Starting manage_events.php ===
[23-Oct-2025 10:07:57 Europe/Berlin] POST data: Array
(
)

[23-Oct-2025 10:07:57 Europe/Berlin] FILES data: Array
(
)

[23-Oct-2025 10:07:57 Europe/Berlin] === Starting manage_events.php ===
[23-Oct-2025 10:07:57 Europe/Berlin] POST data: Array
(
)

[23-Oct-2025 10:07:57 Europe/Berlin] FILES data: Array
(
)

[23-Oct-2025 10:07:59 Europe/Berlin] === Starting manage_events.php ===
[23-Oct-2025 10:07:59 Europe/Berlin] POST data: Array
(
)

[23-Oct-2025 10:07:59 Europe/Berlin] FILES data: Array
(
)

[23-Oct-2025 10:07:59 Europe/Berlin] === Starting manage_events.php ===
[23-Oct-2025 10:07:59 Europe/Berlin] POST data: Array
(
)

[23-Oct-2025 10:07:59 Europe/Berlin] FILES data: Array
(
)

[23-Oct-2025 10:08:18 Europe/Berlin] === Starting manage_events.php ===
[23-Oct-2025 10:08:18 Europe/Berlin] POST data: Array
(
    [action] => add_event
    [csrf_token] => 7f9ac98bda4416db8a7d8912f84ccdca3ab62aed94e533f09298ac5754868eed
    [title] => gfgf
    [description] => gfgfgf
    [start_date] => 2025-10-25T11:08
    [end_date] => 2025-10-26T11:08
    [location] => At School Hall
)

[23-Oct-2025 10:08:18 Europe/Berlin] FILES data: Array
(
    [event_image] => Array
        (
            [name] => jburhan.jpg
            [type] => image/jpeg
            [tmp_name] => C:\xampp\tmp\php771B.tmp
            [error] => 0
            [size] => 17059
        )

)

[23-Oct-2025 10:08:18 Europe/Berlin] === Starting manage_events.php ===
[23-Oct-2025 10:08:18 Europe/Berlin] POST data: Array
(
)

[23-Oct-2025 10:08:18 Europe/Berlin] FILES data: Array
(
)

[23-Oct-2025 10:09:34 Europe/Berlin] === Starting manage_events.php ===
[23-Oct-2025 10:09:34 Europe/Berlin] POST data: Array
(
    [action] => add_event
    [csrf_token] => 7f9ac98bda4416db8a7d8912f84ccdca3ab62aed94e533f09298ac5754868eed
    [title] => gfgf
    [description] => gfgfgf
    [start_date] => 2025-10-25T11:08
    [end_date] => 2025-10-26T11:08
    [location] => At School Hall
)

[23-Oct-2025 10:09:34 Europe/Berlin] FILES data: Array
(
    [event_image] => Array
        (
            [name] => jburhan.jpg
            [type] => image/jpeg
            [tmp_name] => C:\xampp\tmp\phpA069.tmp
            [error] => 0
            [size] => 17059
        )

)

[23-Oct-2025 10:09:35 Europe/Berlin] === Starting manage_events.php ===
[23-Oct-2025 10:09:35 Europe/Berlin] POST data: Array
(
)

[23-Oct-2025 10:09:35 Europe/Berlin] FILES data: Array
(
)

[23-Oct-2025 10:10:50 Europe/Berlin] === Starting manage_events.php ===
[23-Oct-2025 10:10:50 Europe/Berlin] POST data: Array
(
    [action] => add_event
    [csrf_token] => 7f9ac98bda4416db8a7d8912f84ccdca3ab62aed94e533f09298ac5754868eed
    [title] => gfgf
    [description] => gfgfgf
    [start_date] => 2025-10-25T11:08
    [end_date] => 2025-10-26T11:08
    [location] => At School Hall
)

[23-Oct-2025 10:10:50 Europe/Berlin] FILES data: Array
(
    [event_image] => Array
        (
            [name] => jburhan.jpg
            [type] => image/jpeg
            [tmp_name] => C:\xampp\tmp\phpC6F8.tmp
            [error] => 0
            [size] => 17059
        )

)

[23-Oct-2025 10:10:50 Europe/Berlin] === Starting manage_events.php ===
[23-Oct-2025 10:10:50 Europe/Berlin] POST data: Array
(
)

[23-Oct-2025 10:10:50 Europe/Berlin] FILES data: Array
(
)

[23-Oct-2025 10:10:51 Europe/Berlin] === Starting manage_events.php ===
[23-Oct-2025 10:10:51 Europe/Berlin] POST data: Array
(
    [action] => add_event
    [csrf_token] => 7f9ac98bda4416db8a7d8912f84ccdca3ab62aed94e533f09298ac5754868eed
    [title] => gfgf
    [description] => gfgfgf
    [start_date] => 2025-10-25T11:08
    [end_date] => 2025-10-26T11:08
    [location] => At School Hall
)

[23-Oct-2025 10:10:51 Europe/Berlin] FILES data: Array
(
    [event_image] => Array
        (
            [name] => jburhan.jpg
            [type] => image/jpeg
            [tmp_name] => C:\xampp\tmp\phpCBCC.tmp
            [error] => 0
            [size] => 17059
        )

)

[23-Oct-2025 10:10:51 Europe/Berlin] === Starting manage_events.php ===
[23-Oct-2025 10:10:51 Europe/Berlin] POST data: Array
(
)

[23-Oct-2025 10:10:51 Europe/Berlin] FILES data: Array
(
)

[23-Oct-2025 10:10:52 Europe/Berlin] === Starting manage_events.php ===
[23-Oct-2025 10:10:52 Europe/Berlin] POST data: Array
(
    [action] => add_event
    [csrf_token] => 7f9ac98bda4416db8a7d8912f84ccdca3ab62aed94e533f09298ac5754868eed
    [title] => gfgf
    [description] => gfgfgf
    [start_date] => 2025-10-25T11:08
    [end_date] => 2025-10-26T11:08
    [location] => At School Hall
)

[23-Oct-2025 10:10:52 Europe/Berlin] FILES data: Array
(
    [event_image] => Array
        (
            [name] => jburhan.jpg
            [type] => image/jpeg
            [tmp_name] => C:\xampp\tmp\phpCE5D.tmp
            [error] => 0
            [size] => 17059
        )

)

[23-Oct-2025 10:10:52 Europe/Berlin] === Starting manage_events.php ===
[23-Oct-2025 10:10:52 Europe/Berlin] POST data: Array
(
)

[23-Oct-2025 10:10:52 Europe/Berlin] FILES data: Array
(
)

[23-Oct-2025 10:10:54 Europe/Berlin] === Starting manage_events.php ===
[23-Oct-2025 10:10:54 Europe/Berlin] POST data: Array
(
)

[23-Oct-2025 10:10:54 Europe/Berlin] FILES data: Array
(
)

[23-Oct-2025 10:10:55 Europe/Berlin] === Starting manage_events.php ===
[23-Oct-2025 10:10:55 Europe/Berlin] POST data: Array
(
)

[23-Oct-2025 10:10:55 Europe/Berlin] FILES data: Array
(
)

[23-Oct-2025 10:10:58 Europe/Berlin] === Starting manage_events.php ===
[23-Oct-2025 10:10:58 Europe/Berlin] POST data: Array
(
)

[23-Oct-2025 10:10:58 Europe/Berlin] FILES data: Array
(
)

[23-Oct-2025 10:10:59 Europe/Berlin] === Starting manage_events.php ===
[23-Oct-2025 10:10:59 Europe/Berlin] POST data: Array
(
)

[23-Oct-2025 10:10:59 Europe/Berlin] FILES data: Array
(
)

[23-Oct-2025 10:11:21 Europe/Berlin] === Starting manage_events.php ===
[23-Oct-2025 10:11:21 Europe/Berlin] POST data: Array
(
)

[23-Oct-2025 10:11:21 Europe/Berlin] FILES data: Array
(
)

[23-Oct-2025 10:11:21 Europe/Berlin] === Starting manage_events.php ===
[23-Oct-2025 10:11:21 Europe/Berlin] POST data: Array
(
)

[23-Oct-2025 10:11:21 Europe/Berlin] FILES data: Array
(
)

[23-Oct-2025 10:11:25 Europe/Berlin] === Starting manage_events.php ===
[23-Oct-2025 10:11:25 Europe/Berlin] POST data: Array
(
)

[23-Oct-2025 10:11:25 Europe/Berlin] FILES data: Array
(
)

[23-Oct-2025 10:11:26 Europe/Berlin] === Starting manage_events.php ===
[23-Oct-2025 10:11:26 Europe/Berlin] POST data: Array
(
)

[23-Oct-2025 10:11:26 Europe/Berlin] FILES data: Array
(
)

[23-Oct-2025 10:11:35 Europe/Berlin] === Starting manage_events.php ===
[23-Oct-2025 10:11:35 Europe/Berlin] POST data: Array
(
)

[23-Oct-2025 10:11:35 Europe/Berlin] FILES data: Array
(
)

[23-Oct-2025 10:11:35 Europe/Berlin] === Starting manage_events.php ===
[23-Oct-2025 10:11:35 Europe/Berlin] POST data: Array
(
)

[23-Oct-2025 10:11:35 Europe/Berlin] FILES data: Array
(
)

[23-Oct-2025 10:11:39 Europe/Berlin] === Starting manage_events.php ===
[23-Oct-2025 10:11:39 Europe/Berlin] POST data: Array
(
)

[23-Oct-2025 10:11:39 Europe/Berlin] FILES data: Array
(
)

[23-Oct-2025 10:11:39 Europe/Berlin] === Starting manage_events.php ===
[23-Oct-2025 10:11:39 Europe/Berlin] POST data: Array
(
)

[23-Oct-2025 10:11:39 Europe/Berlin] FILES data: Array
(
)

[23-Oct-2025 10:11:43 Europe/Berlin] === Starting manage_events.php ===
[23-Oct-2025 10:11:43 Europe/Berlin] POST data: Array
(
)

[23-Oct-2025 10:11:43 Europe/Berlin] FILES data: Array
(
)

[23-Oct-2025 10:11:43 Europe/Berlin] === Starting manage_events.php ===
[23-Oct-2025 10:11:43 Europe/Berlin] POST data: Array
(
)

[23-Oct-2025 10:11:43 Europe/Berlin] FILES data: Array
(
)

[23-Oct-2025 10:11:53 Europe/Berlin] === Starting manage_events.php ===
[23-Oct-2025 10:11:53 Europe/Berlin] POST data: Array
(
)

[23-Oct-2025 10:11:53 Europe/Berlin] FILES data: Array
(
)

[23-Oct-2025 10:11:53 Europe/Berlin] === Starting manage_events.php ===
[23-Oct-2025 10:11:53 Europe/Berlin] POST data: Array
(
)

[23-Oct-2025 10:11:53 Europe/Berlin] FILES data: Array
(
)

[23-Oct-2025 10:11:56 Europe/Berlin] === Starting manage_events.php ===
[23-Oct-2025 10:11:56 Europe/Berlin] POST data: Array
(
)

[23-Oct-2025 10:11:56 Europe/Berlin] FILES data: Array
(
)

[23-Oct-2025 10:11:57 Europe/Berlin] === Starting manage_events.php ===
[23-Oct-2025 10:11:57 Europe/Berlin] POST data: Array
(
)

[23-Oct-2025 10:11:57 Europe/Berlin] FILES data: Array
(
)

[23-Oct-2025 10:19:27 Europe/Berlin] === Starting manage_events.php ===
[23-Oct-2025 10:19:27 Europe/Berlin] POST data: Array
(
)

[23-Oct-2025 10:19:27 Europe/Berlin] FILES data: Array
(
)

[23-Oct-2025 10:19:27 Europe/Berlin] === Starting manage_events.php ===
[23-Oct-2025 10:19:27 Europe/Berlin] POST data: Array
(
)

[23-Oct-2025 10:19:27 Europe/Berlin] FILES data: Array
(
)

[23-Oct-2025 10:19:31 Europe/Berlin] === Starting manage_events.php ===
[23-Oct-2025 10:19:31 Europe/Berlin] POST data: Array
(
)

[23-Oct-2025 10:19:31 Europe/Berlin] FILES data: Array
(
)

[23-Oct-2025 10:19:31 Europe/Berlin] === Starting manage_events.php ===
[23-Oct-2025 10:19:31 Europe/Berlin] POST data: Array
(
)

[23-Oct-2025 10:19:31 Europe/Berlin] FILES data: Array
(
)

[23-Oct-2025 10:19:32 Europe/Berlin] === Starting manage_events.php ===
[23-Oct-2025 10:19:32 Europe/Berlin] POST data: Array
(
)

[23-Oct-2025 10:19:32 Europe/Berlin] FILES data: Array
(
)

[23-Oct-2025 10:19:32 Europe/Berlin] === Starting manage_events.php ===
[23-Oct-2025 10:19:32 Europe/Berlin] POST data: Array
(
)

[23-Oct-2025 10:19:32 Europe/Berlin] FILES data: Array
(
)

[23-Oct-2025 10:19:34 Europe/Berlin] === Starting manage_events.php ===
[23-Oct-2025 10:19:34 Europe/Berlin] POST data: Array
(
)

[23-Oct-2025 10:19:34 Europe/Berlin] FILES data: Array
(
)

[23-Oct-2025 10:19:35 Europe/Berlin] === Starting manage_events.php ===
[23-Oct-2025 10:19:35 Europe/Berlin] POST data: Array
(
)

[23-Oct-2025 10:19:35 Europe/Berlin] FILES data: Array
(
)

[23-Oct-2025 10:19:37 Europe/Berlin] === Starting manage_events.php ===
[23-Oct-2025 10:19:37 Europe/Berlin] POST data: Array
(
)

[23-Oct-2025 10:19:37 Europe/Berlin] FILES data: Array
(
)

[23-Oct-2025 10:19:37 Europe/Berlin] === Starting manage_events.php ===
[23-Oct-2025 10:19:37 Europe/Berlin] POST data: Array
(
)

[23-Oct-2025 10:19:37 Europe/Berlin] FILES data: Array
(
)

[23-Oct-2025 10:19:45 Europe/Berlin] === Starting manage_events.php ===
[23-Oct-2025 10:19:45 Europe/Berlin] POST data: Array
(
)

[23-Oct-2025 10:19:45 Europe/Berlin] FILES data: Array
(
)

[23-Oct-2025 10:19:45 Europe/Berlin] === Starting manage_events.php ===
[23-Oct-2025 10:19:45 Europe/Berlin] POST data: Array
(
)

[23-Oct-2025 10:19:45 Europe/Berlin] FILES data: Array
(
)

[23-Oct-2025 13:32:08 Europe/Berlin] === Starting manage_events.php ===
[23-Oct-2025 13:32:08 Europe/Berlin] POST data: Array
(
)

[23-Oct-2025 13:32:08 Europe/Berlin] FILES data: Array
(
)

[23-Oct-2025 13:32:08 Europe/Berlin] === Starting manage_events.php ===
[23-Oct-2025 13:32:08 Europe/Berlin] POST data: Array
(
)

[23-Oct-2025 13:32:08 Europe/Berlin] FILES data: Array
(
)

[23-Oct-2025 13:32:12 Europe/Berlin] === Starting manage_events.php ===
[23-Oct-2025 13:32:12 Europe/Berlin] POST data: Array
(
)

[23-Oct-2025 13:32:12 Europe/Berlin] FILES data: Array
(
)

[23-Oct-2025 13:32:12 Europe/Berlin] === Starting manage_events.php ===
[23-Oct-2025 13:32:12 Europe/Berlin] POST data: Array
(
)

[23-Oct-2025 13:32:12 Europe/Berlin] FILES data: Array
(
)

[04-Nov-2025 12:06:13 Europe/Berlin] require_login() called
[04-Nov-2025 12:06:13 Europe/Berlin] Session ID: beru2f3a7tr3o35plrjsv1pnka
[04-Nov-2025 12:06:13 Europe/Berlin] Session status: 2
[04-Nov-2025 12:06:13 Europe/Berlin] Session data: Array
(
    [csrf_token] => 5fd17784cbb29c5bd91a93097e4c6bb83190c3a70e58b0c8d011bb80060ad39e
    [last_activity] => 1762253610
    [created] => 1762253610
)

[04-Nov-2025 12:06:13 Europe/Berlin] is_logged_in() called
[04-Nov-2025 12:06:13 Europe/Berlin] Session ID: beru2f3a7tr3o35plrjsv1pnka
[04-Nov-2025 12:06:13 Europe/Berlin] Session status: 2
[04-Nov-2025 12:06:13 Europe/Berlin] Session data: Array
(
    [csrf_token] => 5fd17784cbb29c5bd91a93097e4c6bb83190c3a70e58b0c8d011bb80060ad39e
    [last_activity] => 1762253610
    [created] => 1762253610
)

[04-Nov-2025 12:06:13 Europe/Berlin] User session variables not set
[04-Nov-2025 12:06:13 Europe/Berlin] Current URL: /c/zanvarsity/html/manage_announcements.php
[04-Nov-2025 12:06:13 Europe/Berlin] SCRIPT_NAME: /c/zanvarsity/html/manage_announcements.php
[04-Nov-2025 12:06:13 Europe/Berlin] PHP_SELF: /c/zanvarsity/html/manage_announcements.php
[04-Nov-2025 12:06:13 Europe/Berlin] REQUEST_URI: /c/zanvarsity/html/manage_announcements.php
[04-Nov-2025 12:06:13 Europe/Berlin] Redirecting to: http://localhost/c/zanvarsity/html/register-sign-in.php?error=login_required&redirect=manage_announcements.php
